
> taskmanager_authentication@1.0.0 test
> cross-env NODE_OPTIONS=--experimental-vm-modules jest --runInBand

(node:12736) ExperimentalWarning: VM Modules is an experimental feature and might change at any time
(Use `node --trace-warnings ...` to show where the warning was created)
FAIL tests/auth.test.js
  ● Console

    console.log
      [dotenv@17.3.1] injecting env (1) from .env.test -- tip: ⚙️  specify custom .env file path with { path: '/custom/path/.env' }

      at _log (node_modules/dotenv/lib/main.js:139:11)

  ● Auth Routes › should login user and return token

    expect(received).toBe(expected) // Object.is equality

    Expected: 200
    Received: 400

    [0m [90m 27 |[39m       })[33m;[39m
     [90m 28 |[39m
    [31m[1m>[22m[39m[90m 29 |[39m     expect(res[33m.[39mstatusCode)[33m.[39mtoBe([35m200[39m)[33m;[39m
     [90m    |[39m                            [31m[1m^[22m[39m
     [90m 30 |[39m     expect(res[33m.[39mbody[33m.[39mtoken)[33m.[39mtoBeDefined()[33m;[39m
     [90m 31 |[39m
     [90m 32 |[39m     token [33m=[39m res[33m.[39mbody[33m.[39mtoken[33m;[39m[0m

      at Object.toBe (tests/auth.test.js:29:28)

FAIL tests/tasks.test.js
  ● Console

    console.log
      [dotenv@17.3.1] injecting env (1) from .env.test -- tip: 🛡️ auth for agents: https://vestauth.com

      at _log (node_modules/dotenv/lib/main.js:139:11)

  ● Task Routes › should create a task

    expect(received).toBe(expected) // Object.is equality

    Expected: 201
    Received: 401

    [0m [90m 44 |[39m       })[33m;[39m
     [90m 45 |[39m
    [31m[1m>[22m[39m[90m 46 |[39m     expect(res[33m.[39mstatusCode)[33m.[39mtoBe([35m201[39m)[33m;[39m
     [90m    |[39m                            [31m[1m^[22m[39m
     [90m 47 |[39m     expect(res[33m.[39mbody[33m.[39mtitle)[33m.[39mtoBe([32m"Test Task"[39m)[33m;[39m
     [90m 48 |[39m
     [90m 49 |[39m     taskId [33m=[39m res[33m.[39mbody[33m.[39m_id[33m;[39m[0m

      at Object.toBe (tests/tasks.test.js:46:28)

  ● Task Routes › should get user tasks only

    expect(received).toBe(expected) // Object.is equality

    Expected: 200
    Received: 401

    [0m [90m 55 |[39m       [33m.[39m[36mset[39m([32m"Authorization"[39m[33m,[39m [32m`Bearer ${token}`[39m)[33m;[39m
     [90m 56 |[39m
    [31m[1m>[22m[39m[90m 57 |[39m     expect(res[33m.[39mstatusCode)[33m.[39mtoBe([35m200[39m)[33m;[39m
     [90m    |[39m                            [31m[1m^[22m[39m
     [90m 58 |[39m     expect([33mArray[39m[33m.[39misArray(res[33m.[39mbody))[33m.[39mtoBe([36mtrue[39m)[33m;[39m
     [90m 59 |[39m   })[33m;[39m
     [90m 60 |[39m[0m

      at Object.toBe (tests/tasks.test.js:57:28)

Test Suites: 2 failed, 2 total
Tests:       3 failed, 2 passed, 5 total
Snapshots:   0 total
Time:        2.182 s, estimated 3 s
Ran all test suites.
